<p>Welcome to <a href="http://hexo.io/" target="_blank" rel="external">Hexo</a>! This is your very first post. Check <a href="http://hexo.io/docs/" target="_blank" rel="external">documentation</a> for more info. If you get any problems when using Hexo, you can find the answer in <a href="http://hexo.io/docs/troubleshooting.html" target="_blank" rel="external">troubleshooting</a> or you can ask me on <a href="https://github.com/hexojs/hexo/issues" target="_blank" rel="external">GitHub</a>.</p>
<h2 id="Quick_Start">Quick Start</h2><h3 id="Create_a_new_post">Create a new post</h3><figure class="highlight bash"><table><tr><td class="gutter"><pre><span class="line">1</span><br></pre></td><td class="code"><pre><span class="line">$ hexo new <span class="string">"My New Post"</span></span><br></pre></td></tr></table></figure>
<p>More info: <a href="http://hexo.io/docs/writing.html" target="_blank" rel="external">Writing</a></p>
<h3 id="Run_server">Run server</h3><figure class="highlight bash"><table><tr><td class="gutter"><pre><span class="line">1</span><br></pre></td><td class="code"><pre><span class="line">$ hexo server</span><br></pre></td></tr></table></figure>
<p>More info: <a href="http://hexo.io/docs/server.html" target="_blank" rel="external">Server</a></p>
<h3 id="Generate_static_files">Generate static files</h3><figure class="highlight bash"><table><tr><td class="gutter"><pre><span class="line">1</span><br></pre></td><td class="code"><pre><span class="line">$ hexo generate</span><br></pre></td></tr></table></figure>
<p>More info: <a href="http://hexo.io/docs/generating.html" target="_blank" rel="external">Generating</a></p>
<h3 id="Deploy_to_remote_sites">Deploy to remote sites</h3><figure class="highlight bash"><table><tr><td class="gutter"><pre><span class="line">1</span><br></pre></td><td class="code"><pre><span class="line">$ hexo deploy</span><br></pre></td></tr></table></figure>
<p>More info: <a href="http://hexo.io/docs/deployment.html" target="_blank" rel="external">Deployment</a></p>
