<p>This test case is to address issue #10: <span class="katex"><span class="katex-mathml"><math><semantics><mrow><mi mathvariant="normal">∣</mi><mi>a</mi><mi mathvariant="normal">∣</mi><mo>&lt;</mo><mn>1</mn></mrow><annotation encoding="application/x-tex">|a|&lt;1</annotation></semantics></math></span><span class="katex-html" aria-hidden="true"><span class="strut" style="height:0.75em;"></span><span class="strut bottom" style="height:1em;vertical-align:-0.25em;"></span><span class="base textstyle uncramped"><span class="mord mathrm">∣</span><span class="mord mathit">a</span><span class="mord mathrm">∣</span><span class="mrel">&lt;</span><span class="mord mathrm">1</span></span></span></span></p>
